Archive member included to satisfy reference by file (symbol)

C:/ST/STM32CubeIDE_1.16.1/STM32CubeIDE/plugins/com.st.stm32cube.ide.mcu.externaltools.gnu-tools-for-stm32.12.3.rel1.win32_1.0.200.202406191623/tools/bin/../lib/gcc/arm-none-eabi/12.3.1/../../../../arm-none-eabi/lib/thumb/v7e-m+fp/hard\libc_nano.a(libc_a-exit.o)
                              C:/ST/STM32CubeIDE_1.16.1/STM32CubeIDE/plugins/com.st.stm32cube.ide.mcu.externaltools.gnu-tools-for-stm32.12.3.rel1.win32_1.0.200.202406191623/tools/bin/../lib/gcc/arm-none-eabi/12.3.1/../../../../arm-none-eabi/lib/thumb/v7e-m+fp/hard/crt0.o (exit)
C:/ST/STM32CubeIDE_1.16.1/STM32CubeIDE/plugins/com.st.stm32cube.ide.mcu.externaltools.gnu-tools-for-stm32.12.3.rel1.win32_1.0.200.202406191623/tools/bin/../lib/gcc/arm-none-eabi/12.3.1/../../../../arm-none-eabi/lib/thumb/v7e-m+fp/hard\libc_nano.a(libc_a-findfp.o)
                              C:/ST/STM32CubeIDE_1.16.1/STM32CubeIDE/plugins/com.st.stm32cube.ide.mcu.externaltools.gnu-tools-for-stm32.12.3.rel1.win32_1.0.200.202406191623/tools/bin/../lib/gcc/arm-none-eabi/12.3.1/../../../../arm-none-eabi/lib/thumb/v7e-m+fp/hard\libc_nano.a(libc_a-exit.o) (__stdio_exit_handler)
C:/ST/STM32CubeIDE_1.16.1/STM32CubeIDE/plugins/com.st.stm32cube.ide.mcu.externaltools.gnu-tools-for-stm32.12.3.rel1.win32_1.0.200.202406191623/tools/bin/../lib/gcc/arm-none-eabi/12.3.1/../../../../arm-none-eabi/lib/thumb/v7e-m+fp/hard\libc_nano.a(libc_a-fwalk.o)
                              C:/ST/STM32CubeIDE_1.16.1/STM32CubeIDE/plugins/com.st.stm32cube.ide.mcu.externaltools.gnu-tools-for-stm32.12.3.rel1.win32_1.0.200.202406191623/tools/bin/../lib/gcc/arm-none-eabi/12.3.1/../../../../arm-none-eabi/lib/thumb/v7e-m+fp/hard\libc_nano.a(libc_a-findfp.o) (_fwalk_sglue)
C:/ST/STM32CubeIDE_1.16.1/STM32CubeIDE/plugins/com.st.stm32cube.ide.mcu.externaltools.gnu-tools-for-stm32.12.3.rel1.win32_1.0.200.202406191623/tools/bin/../lib/gcc/arm-none-eabi/12.3.1/../../../../arm-none-eabi/lib/thumb/v7e-m+fp/hard\libc_nano.a(libc_a-stdio.o)
                              C:/ST/STM32CubeIDE_1.16.1/STM32CubeIDE/plugins/com.st.stm32cube.ide.mcu.externaltools.gnu-tools-for-stm32.12.3.rel1.win32_1.0.200.202406191623/tools/bin/../lib/gcc/arm-none-eabi/12.3.1/../../../../arm-none-eabi/lib/thumb/v7e-m+fp/hard\libc_nano.a(libc_a-findfp.o) (__sread)
C:/ST/STM32CubeIDE_1.16.1/STM32CubeIDE/plugins/com.st.stm32cube.ide.mcu.externaltools.gnu-tools-for-stm32.12.3.rel1.win32_1.0.200.202406191623/tools/bin/../lib/gcc/arm-none-eabi/12.3.1/../../../../arm-none-eabi/lib/thumb/v7e-m+fp/hard\libc_nano.a(libc_a-memset.o)
                              C:/ST/STM32CubeIDE_1.16.1/STM32CubeIDE/plugins/com.st.stm32cube.ide.mcu.externaltools.gnu-tools-for-stm32.12.3.rel1.win32_1.0.200.202406191623/tools/bin/../lib/gcc/arm-none-eabi/12.3.1/../../../../arm-none-eabi/lib/thumb/v7e-m+fp/hard/crt0.o (memset)
C:/ST/STM32CubeIDE_1.16.1/STM32CubeIDE/plugins/com.st.stm32cube.ide.mcu.externaltools.gnu-tools-for-stm32.12.3.rel1.win32_1.0.200.202406191623/tools/bin/../lib/gcc/arm-none-eabi/12.3.1/../../../../arm-none-eabi/lib/thumb/v7e-m+fp/hard\libc_nano.a(libc_a-closer.o)
                              C:/ST/STM32CubeIDE_1.16.1/STM32CubeIDE/plugins/com.st.stm32cube.ide.mcu.externaltools.gnu-tools-for-stm32.12.3.rel1.win32_1.0.200.202406191623/tools/bin/../lib/gcc/arm-none-eabi/12.3.1/../../../../arm-none-eabi/lib/thumb/v7e-m+fp/hard\libc_nano.a(libc_a-stdio.o) (_close_r)
C:/ST/STM32CubeIDE_1.16.1/STM32CubeIDE/plugins/com.st.stm32cube.ide.mcu.externaltools.gnu-tools-for-stm32.12.3.rel1.win32_1.0.200.202406191623/tools/bin/../lib/gcc/arm-none-eabi/12.3.1/../../../../arm-none-eabi/lib/thumb/v7e-m+fp/hard\libc_nano.a(libc_a-reent.o)
                              C:/ST/STM32CubeIDE_1.16.1/STM32CubeIDE/plugins/com.st.stm32cube.ide.mcu.externaltools.gnu-tools-for-stm32.12.3.rel1.win32_1.0.200.202406191623/tools/bin/../lib/gcc/arm-none-eabi/12.3.1/../../../../arm-none-eabi/lib/thumb/v7e-m+fp/hard\libc_nano.a(libc_a-closer.o) (errno)
C:/ST/STM32CubeIDE_1.16.1/STM32CubeIDE/plugins/com.st.stm32cube.ide.mcu.externaltools.gnu-tools-for-stm32.12.3.rel1.win32_1.0.200.202406191623/tools/bin/../lib/gcc/arm-none-eabi/12.3.1/../../../../arm-none-eabi/lib/thumb/v7e-m+fp/hard\libc_nano.a(libc_a-impure.o)
                              C:/ST/STM32CubeIDE_1.16.1/STM32CubeIDE/plugins/com.st.stm32cube.ide.mcu.externaltools.gnu-tools-for-stm32.12.3.rel1.win32_1.0.200.202406191623/tools/bin/../lib/gcc/arm-none-eabi/12.3.1/../../../../arm-none-eabi/lib/thumb/v7e-m+fp/hard\libc_nano.a(libc_a-reent.o) (_impure_ptr)
C:/ST/STM32CubeIDE_1.16.1/STM32CubeIDE/plugins/com.st.stm32cube.ide.mcu.externaltools.gnu-tools-for-stm32.12.3.rel1.win32_1.0.200.202406191623/tools/bin/../lib/gcc/arm-none-eabi/12.3.1/../../../../arm-none-eabi/lib/thumb/v7e-m+fp/hard\libc_nano.a(libc_a-lseekr.o)
[...]
Memory Configuration

Name             Origin             Length             Attributes
CCMRAM           0x10000000         0x00010000         xrw
RAM              0x20000000         0x00020000         xrw
FLASH            0x08000000         0x00100000         xr
*default*        0x00000000         0xffffffff

Linker script and memory map

LOAD C:/ST/STM32CubeIDE_1.16.1/STM32CubeIDE/plugins/com.st.stm32cube.ide.mcu.externaltools.gnu-tools-for-stm32.12.3.rel1.win32_1.0.200.202406191623/tools/bin/../lib/gcc/arm-none-eabi/12.3.1/thumb/v7e-m+fp/hard/crti.o
LOAD C:/ST/STM32CubeIDE_1.16.1/STM32CubeIDE/plugins/com.st.stm32cube.ide.mcu.externaltools.gnu-tools-for-stm32.12.3.rel1.win32_1.0.200.202406191623/tools/bin/../lib/gcc/arm-none-eabi/12.3.1/thumb/v7e-m+fp/hard/crtbegin.o
LOAD C:/ST/STM32CubeIDE_1.16.1/STM32CubeIDE/plugins/com.st.stm32cube.ide.mcu.externaltools.gnu-tools-for-stm32.12.3.rel1.win32_1.0.200.202406191623/tools/bin/../lib/gcc/arm-none-eabi/12.3.1/../../../../arm-none-eabi/lib/thumb/v7e-m+fp/hard/crt0.o
LOAD ./Core/Src/button.o
LOAD ./Core/Src/fsm_auto.o
LOAD ./Core/Src/fsm_man.o
LOAD ./Core/Src/fsmc.o
LOAD ./Core/Src/global.o
LOAD ./Core/Src/gpio.o
LOAD ./Core/Src/graphic.o
LOAD ./Core/Src/lcd.o
LOAD ./Core/Src/led_7seg.o
LOAD ./Core/Src/main.o
LOAD ./Core/Src/software_timer.o
LOAD ./Core/Src/spi.o
LOAD ./Core/Src/stm32f4xx_hal_msp.o
LOAD ./Core/Src/stm32f4xx_it.o
LOAD ./Core/Src/syscalls.o
LOAD ./Core/Src/sysmem.o
LOAD ./Core/Src/system_stm32f4xx.o
LOAD ./Core/Src/tim.o
LOAD ./Core/Startup/startup_stm32f407zgtx.o
LOAD ./Drivers/STM32F4xx_HAL_Driver/Src/stm32f4xx_hal.o
LOAD ./Drivers/STM32F4xx_HAL_Driver/Src/stm32f4xx_hal_cortex.o
LOAD ./Drivers/STM32F4xx_HAL_Driver/Src/stm32f4xx_hal_dma.o
LOAD ./Drivers/STM32F4xx_HAL_Driver/Src/stm32f4xx_hal_dma_ex.o
LOAD ./Drivers/STM32F4xx_HAL_Driver/Src/stm32f4xx_hal_exti.o
LOAD ./Drivers/STM32F4xx_HAL_Driver/Src/stm32f4xx_hal_flash.o
LOAD ./Drivers/STM32F4xx_HAL_Driver/Src/stm32f4xx_hal_flash_ex.o
LOAD ./Drivers/STM32F4xx_HAL_Driver/Src/stm32f4xx_hal_flash_ramfunc.o
LOAD ./Drivers/STM32F4xx_HAL_Driver/Src/stm32f4xx_hal_gpio.o
LOAD ./Drivers/STM32F4xx_HAL_Driver/Src/stm32f4xx_hal_pwr.o
LOAD ./Drivers/STM32F4xx_HAL_Driver/Src/stm32f4xx_hal_pwr_ex.o
LOAD ./Drivers/STM32F4xx_HAL_Driver/Src/stm32f4xx_hal_rcc.o
LOAD ./Drivers/STM32F4xx_HAL_Driver/Src/stm32f4xx_hal_rcc_ex.o
LOAD ./Drivers/STM32F4xx_HAL_Driver/Src/stm32f4xx_hal_spi.o
LOAD ./Drivers/STM32F4xx_HAL_Driver/Src/stm32f4xx_hal_sram.o
LOAD ./Drivers/STM32F4xx_HAL_Driver/Src/stm32f4xx_hal_tim.o
LOAD ./Drivers/STM32F4xx_HAL_Driver/Src/stm32f4xx_hal_tim_ex.o
LOAD ./Drivers/STM32F4xx_HAL_Driver/Src/stm32f4xx_ll_fsmc.o
START GROUP
LOAD C:/ST/STM32CubeIDE_1.16.1/STM32CubeIDE/plugins/com.st.stm32cube.ide.mcu.externaltools.gnu-tools-for-stm32.12.3.rel1.win32_1.0.200.202406191623/tools/bin/../lib/gcc/arm-none-eabi/12.3.1/../../../../arm-none-eabi/lib/thumb/v7e-m+fp/hard\libstdc++_nano.a
LOAD C:/ST/STM32CubeIDE_1.16.1/STM32CubeIDE/plugins/com.st.stm32cube.ide.mcu.externaltools.gnu-tools-for-stm32.12.3.rel1.win32_1.0.200.202406191623/tools/bin/../lib/gcc/arm-none-eabi/12.3.1/../../../../arm-none-eabi/lib/thumb/v7e-m+fp/hard\libsupc++_nano.a
END GROUP
LOAD C:/ST/STM32CubeIDE_1.16.1/STM32CubeIDE/plugins/com.st.stm32cube.ide.mcu.externaltools.gnu-tools-for-stm32.12.3.rel1.win32_1.0.200.202406191623/tools/bin/../lib/gcc/arm-none-eabi/12.3.1/../../../../arm-none-eabi/lib/thumb/v7e-m+fp/hard\libstdc++_nano.a
LOAD C:/ST/STM32CubeIDE_1.16.1/STM32CubeIDE/plugins/com.st.stm32cube.ide.mcu.externaltools.gnu-tools-for-stm32.12.3.rel1.win32_1.0.200.202406191623/tools/bin/../lib/gcc/arm-none-eabi/12.3.1/../../../../arm-none-eabi/lib/thumb/v7e-m+fp/hard\libm.a
LOAD C:/ST/STM32CubeIDE_1.16.1/STM32CubeIDE/plugins/com.st.stm32cube.ide.mcu.externaltools.gnu-tools-for-stm32.12.3.rel1.win32_1.0.200.202406191623/tools/bin/../lib/gcc/arm-none-eabi/12.3.1/../../../../arm-none-eabi/lib/thumb/v7e-m+fp/hard\libc_nano.a
START GROUP
LOAD C:/ST/STM32CubeIDE_1.16.1/STM32CubeIDE/plugins/com.st.stm32cube.ide.mcu.externaltools.gnu-tools-for-stm32.12.3.rel1.win32_1.0.200.202406191623/tools/bin/../lib/gcc/arm-none-eabi/12.3.1/thumb/v7e-m+fp/hard\libgcc.a
LOAD C:/ST/STM32CubeIDE_1.16.1/STM32CubeIDE/plugins/com.st.stm32cube.ide.mcu.externaltools.gnu-tools-for-stm32.12.3.rel1.win32_1.0.200.202406191623/tools/bin/../lib/gcc/arm-none-eabi/12.3.1/../../../../arm-none-eabi/lib/thumb/v7e-m+fp/hard\libc_nano.a
END GROUP
START GROUP
LOAD C:/ST/STM32CubeIDE_1.16.1/STM32CubeIDE/plugins/com.st.stm32cube.ide.mcu.externaltools.gnu-tools-for-stm32.12.3.rel1.win32_1.0.200.202406191623/tools/bin/../lib/gcc/arm-none-eabi/12.3.1/thumb/v7e-m+fp/hard\libgcc.a
LOAD C:/ST/STM32CubeIDE_1.16.1/STM32CubeIDE/plugins/com.st.stm32cube.ide.mcu.externaltools.gnu-tools-for-stm32.12.3.rel1.win32_1.0.200.202406191623/tools/bin/../lib/gcc/arm-none-eabi/12.3.1/../../../../arm-none-eabi/lib/thumb/v7e-m+fp/hard\libc_nano.a
LOAD C:/ST/STM32CubeIDE_1.16.1/STM32CubeIDE/plugins/com.st.stm32cube.ide.mcu.externaltools.gnu-tools-for-stm32.12.3.rel1.win32_1.0.200.202406191623/tools/bin/../lib/gcc/arm-none-eabi/12.3.1/../../../../arm-none-eabi/lib/thumb/v7e-m+fp/hard\libnosys.a
END GROUP
START GROUP
LOAD C:/ST/STM32CubeIDE_1.16.1/STM32CubeIDE/plugins/com.st.stm32cube.ide.mcu.externaltools.gnu-tools-for-stm32.12.3.rel1.win32_1.0.200.202406191623/tools/bin/../lib/gcc/arm-none-eabi/12.3.1/thumb/v7e-m+fp/hard\libgcc.a
LOAD C:/ST/STM32CubeIDE_1.16.1/STM32CubeIDE/plugins/com.st.stm32cube.ide.mcu.externaltools.gnu-tools-for-stm32.12.3.rel1.win32_1.0.200.202406191623/tools/bin/../lib/gcc/arm-none-eabi/12.3.1/../../../../arm-none-eabi/lib/thumb/v7e-m+fp/hard\libc_nano.a
LOAD C:/ST/STM32CubeIDE_1.16.1/STM32CubeIDE/plugins/com.st.stm32cube.ide.mcu.externaltools.gnu-tools-for-stm32.12.3.rel1.win32_1.0.200.202406191623/tools/bin/../lib/gcc/arm-none-eabi/12.3.1/../../../../arm-none-eabi/lib/thumb/v7e-m+fp/hard\libnosys.a
END GROUP
LOAD C:/ST/STM32CubeIDE_1.16.1/STM32CubeIDE/plugins/com.st.stm32cube.ide.mcu.externaltools.gnu-tools-for-stm32.12.3.rel1.win32_1.0.200.202406191623/tools/bin/../lib/gcc/arm-none-eabi/12.3.1/thumb/v7e-m+fp/hard/crtend.o
LOAD C:/ST/STM32CubeIDE_1.16.1/STM32CubeIDE/plugins/com.st.stm32cube.ide.mcu.externaltools.gnu-tools-for-stm32.12.3.rel1.win32_1.0.200.202406191623/tools/bin/../lib/gcc/arm-none-eabi/12.3.1/thumb/v7e-m+fp/hard/crtn.o
                0x20020000                        _estack = (ORIGIN (RAM) + LENGTH (RAM))
                0x00000200                        _Min_Heap_Size = 0x200
                0x00000400                        _Min_Stack_Size = 0x400

.isr_vector     0x08000000      0x188
                0x08000000                        . = ALIGN (0x4)
 *(.isr_vector)
 .isr_vector    0x08000000      0x188 ./Core/Startup/startup_stm32f407zgtx.o
                0x08000000                g_pfnVectors
                0x08000188                        . = ALIGN (0x4)

.text           0x08000188     0x3df8
                0x08000188                        . = ALIGN (0x4)
 *(.text)
 .text          0x08000188       0x40 C:/ST/STM32CubeIDE_1.16.1/STM32CubeIDE/plugins/com.st.stm32cube.ide.mcu.externaltools.gnu-tools-for-stm32.12.3.rel1.win32_1.0.200.202406191623/tools/bin/../lib/gcc/arm-none-eabi/12.3.1/thumb/v7e-m+fp/hard/crtbegin.o
 .text          0x080001c8       0x30 C:/ST/STM32CubeIDE_1.16.1/STM32CubeIDE/plugins/com.st.stm32cube.ide.mcu.externaltools.gnu-tools-for-stm32.12.3.rel1.win32_1.0.200.202406191623/tools/bin/../lib/gcc/arm-none-eabi/12.3.1/thumb/v7e-m+fp/hard\libgcc.a(_aeabi_uldivmod.o)
                0x080001c8                __aeabi_uldivmod
 .text          0x080001f8      0x2bc C:/ST/STM32CubeIDE_1.16.1/STM32CubeIDE/plugins/com.st.stm32cube.ide.mcu.externaltools.gnu-tools-for-stm32.12.3.rel1.win32_1.0.200.202406191623/tools/bin/../lib/gcc/arm-none-eabi/12.3.1/thumb/v7e-m+fp/hard\libgcc.a(_udivmoddi4.o)
                0x080001f8                __udivmoddi4
 .text          0x080004b4        0x4 C:/ST/STM32CubeIDE_1.16.1/STM32CubeIDE/plugins/com.st.stm32cube.ide.mcu.externaltools.gnu-tools-for-stm32.12.3.rel1.win32_1.0.200.202406191623/tools/bin/../lib/gcc/arm-none-eabi/12.3.1/thumb/v7e-m+fp/hard\libgcc.a(_dvmd_tls.o)
                0x080004b4                __aeabi_idiv0
                0x080004b4                __aeabi_ldiv0
 *(.text*)
 .text.button_init
                0x080004b8       0x18 ./Core/Src/button.o
                0x080004b8                button_init
 .text.isButtonPressed
                0x080004d0       0x34 ./Core/Src/button.o
                0x080004d0                isButtonPressed
 .text.fsm_init
                0x08000504       0x70 ./Core/Src/fsm_auto.o
                0x08000504                fsm_init
 .text.fsm_automatic_run
                0x08000574      0x258 ./Core/Src/fsm_auto.o
                0x08000574                fsm_automatic_run
 .text.fsm_manual_run
                0x080007cc      0x2b4 ./Core/Src/fsm_man.o
                0x080007cc                fsm_manual_run
 .text.MX_FSMC_Init
                0x08000a80       0xf4 ./Core/Src/fsmc.o
                0x08000a80                MX_FSMC_Init
 .text.HAL_FSMC_MspInit
                0x08000b74       0x98 ./Core/Src/fsmc.o
 .text.HAL_SRAM_MspInit
                0x08000c0c       0x14 ./Core/Src/fsmc.o
                0x08000c0c                HAL_SRAM_MspInit
 .text.MX_GPIO_Init
                0x08000c20      0x1c0 ./Core/Src/gpio.o
                0x08000c20                MX_GPIO_Init
 .text.lcdRedGreen
                0x08000de0       0x30 ./Core/Src/graphic.o
                0x08000de0                lcdRedGreen
 .text.lcdRedAmber
                0x08000e10       0x30 ./Core/Src/graphic.o
                0x08000e10                lcdRedAmber
 .text.lcdGreenRed
                0x08000e40       0x30 ./Core/Src/graphic.o
                0x08000e40                lcdGreenRed
 .text.lcdAmberRed
                0x08000e70       0x30 ./Core/Src/graphic.o
                0x08000e70                lcdAmberRed
 .text.updateLedBuffer
                0x08000ea0       0x88 ./Core/Src/graphic.o
                0x08000ea0                updateLedBuffer
 .text.blinkingLed
                0x08000f28       0xb2 ./Core/Src/graphic.o
                0x08000f28                blinkingLed
 *fill*         0x08000fda        0x2 
 .text.LCD_WR_REG
                0x08000fdc       0x20 ./Core/Src/lcd.o
                0x08000fdc                LCD_WR_REG
 .text.LCD_WR_DATA
                0x08000ffc       0x20 ./Core/Src/lcd.o
 .text.LCD_RD_DATA
                0x0800101c       0x24 ./Core/Src/lcd.o
 .text.lcd_AddressSet
                0x08001040       0x98 ./Core/Src/lcd.o
                0x08001040                lcd_AddressSet
 .text.lcd_Clear
                0x080010d8       0x64 ./Core/Src/lcd.o
                0x080010d8                lcd_Clear
 .text.lcd_DrawPoint
                0x0800113c       0x2e ./Core/Src/lcd.o
                0x0800113c                lcd_DrawPoint
 *fill*         0x0800116a        0x2 
 .text.lcd_SetDir
                0x0800116c       0x48 ./Core/Src/lcd.o
                0x0800116c                lcd_SetDir
 .text.lcd_init
                0x080011b4      0x2c0 ./Core/Src/lcd.o
                0x080011b4                lcd_init
 .text._draw_circle_8
                0x08001474      0x116 ./Core/Src/lcd.o
 .text.lcd_DrawCircle
                0x0800158a       0xd8 ./Core/Src/lcd.o
                0x0800158a                lcd_DrawCircle
 *fill*         0x08001662        0x2 
 .text.led7_init
                0x08001664       0x18 ./Core/Src/led_7seg.o
                0x08001664                led7_init
 .text.led7_Scan
                0x0800167c      0x118 ./Core/Src/led_7seg.o
                0x0800167c                led7_Scan
 .text.led7_SetDigit
                0x08001794       0x48 ./Core/Src/led_7seg.o
                0x08001794                led7_SetDigit
 .text.led7_SetColon
                0x080017dc       0x40 ./Core/Src/led_7seg.o
                0x080017dc                led7_SetColon
 .text.led_Off  0x0800181c       0x48 ./Core/Src/led_7seg.o
                0x0800181c                led_Off
 .text.clearAllLed
                0x08001864       0x84 ./Core/Src/led_7seg.o
                0x08001864                clearAllLed
 .text.main     0x080018e8       0x5c ./Core/Src/main.o
                0x080018e8                main
 .text.SystemClock_Config
                0x08001944       0xd4 ./Core/Src/main.o
                0x08001944                SystemClock_Config
 .text.system_init
                0x08001a18       0x50 ./Core/Src/main.o
                0x08001a18                system_init
 .text.Error_Handler
                0x08001a68        0xc ./Core/Src/main.o
                0x08001a68                Error_Handler
 .text.timer_init
                0x08001a74       0x14 ./Core/Src/software_timer.o
                0x08001a74                timer_init
 .text.setTimer1
                0x08001a88       0x38 ./Core/Src/software_timer.o
                0x08001a88                setTimer1
 .text.setTimer2
                0x08001ac0       0x38 ./Core/Src/software_timer.o
                0x08001ac0                setTimer2
 .text.setTimer3
                0x08001af8       0x38 ./Core/Src/software_timer.o
                0x08001af8                setTimer3
 .text.HAL_TIM_PeriodElapsedCallback
                0x08001b30       0xc0 ./Core/Src/software_timer.o
                0x08001b30                HAL_TIM_PeriodElapsedCallback
 .text.MX_SPI1_Init
                0x08001bf0       0x6c ./Core/Src/spi.o
                0x08001bf0                MX_SPI1_Init
 .text.HAL_SPI_MspInit
                0x08001c5c       0x90 ./Core/Src/spi.o
                0x08001c5c                HAL_SPI_MspInit
 .text.HAL_MspInit
                0x08001cec       0x50 ./Core/Src/stm32f4xx_hal_msp.o
                0x08001cec                HAL_MspInit
 .text.NMI_Handler
                0x08001d3c        0x8 ./Core/Src/stm32f4xx_it.o
                0x08001d3c                NMI_Handler
 .text.HardFault_Handler
                0x08001d44        0x8 ./Core/Src/stm32f4xx_it.o
                0x08001d44                HardFault_Handler
 .text.MemManage_Handler
                0x08001d4c        0x8 ./Core/Src/stm32f4xx_it.o
                0x08001d4c                MemManage_Handler
 .text.BusFault_Handler
                0x08001d54        0x8 ./Core/Src/stm32f4xx_it.o
                0x08001d54                BusFault_Handler
 .text.UsageFault_Handler
                0x08001d5c        0x8 ./Core/Src/stm32f4xx_it.o
                0x08001d5c                UsageFault_Handler
 .text.SVC_Handler
                0x08001d64        0xe ./Core/Src/stm32f4xx_it.o
                0x08001d64                SVC_Handler
 .text.DebugMon_Handler
                0x08001d72        0xe ./Core/Src/stm32f4xx_it.o
                0x08001d72                DebugMon_Handler
 .text.PendSV_Handler
                0x08001d80        0xe ./Core/Src/stm32f4xx_it.o
                0x08001d80                PendSV_Handler
 .text.SysTick_Handler
                0x08001d8e        0xc ./Core/Src/stm32f4xx_it.o
                0x08001d8e                SysTick_Handler
 *fill*         0x08001d9a        0x2 
 .text.TIM2_IRQHandler
                0x08001d9c       0x14 ./Core/Src/stm32f4xx_it.o
                0x08001d9c                TIM2_IRQHandler
 .text.SystemInit
                0x08001db0       0x24 ./Core/Src/system_stm32f4xx.o
                0x08001db0                SystemInit
 .text.MX_TIM2_Init
                0x08001dd4       0x98 ./Core/Src/tim.o
                0x08001dd4                MX_TIM2_Init
 .text.HAL_TIM_Base_MspInit
                0x08001e6c       0x4c ./Core/Src/tim.o
                0x08001e6c                HAL_TIM_Base_MspInit
 .text.Reset_Handler
                0x08001eb8       0x50 ./Core/Startup/startup_stm32f407zgtx.o
                0x08001eb8                Reset_Handler
 .text.Default_Handler
                0x08001f08        0x2 ./Core/Startup/startup_stm32f407zgtx.o
                0x08001f08                RTC_Alarm_IRQHandler
                0x08001f08                HASH_RNG_IRQHandler
                0x08001f08                EXTI2_IRQHandler
                0x08001f08                TIM8_CC_IRQHandler
                0x08001f08                TIM1_CC_IRQHandler
                0x08001f08                DMA2_Stream5_IRQHandler
                0x08001f08                DMA1_Stream5_IRQHandler
                0x08001f08                PVD_IRQHandler
                0x08001f08                SDIO_IRQHandler
                0x08001f08                TAMP_STAMP_IRQHandler
                0x08001f08                CAN2_RX1_IRQHandler
                0x08001f08                EXTI3_IRQHandler
                0x08001f08                TIM8_TRG_COM_TIM14_IRQHandler
                0x08001f08                TIM1_UP_TIM10_IRQHandler
                0x08001f08                TIM8_UP_TIM13_IRQHandler
                0x08001f08                I2C3_ER_IRQHandler
                0x08001f08                EXTI0_IRQHandler
                0x08001f08                I2C2_EV_IRQHandler
                0x08001f08                DMA1_Stream2_IRQHandler
                0x08001f08                CAN1_RX0_IRQHandler
                0x08001f08                FPU_IRQHandler
                0x08001f08                OTG_HS_WKUP_IRQHandler
                0x08001f08                CAN2_SCE_IRQHandler
                0x08001f08                DMA2_Stream2_IRQHandler
                0x08001f08                SPI1_IRQHandler
                0x08001f08                TIM6_DAC_IRQHandler
                0x08001f08                TIM1_BRK_TIM9_IRQHandler
                0x08001f08                DCMI_IRQHandler
                0x08001f08                CAN2_RX0_IRQHandler
                0x08001f08                DMA2_Stream3_IRQHandler
                0x08001f08                USART6_IRQHandler
                0x08001f08                USART3_IRQHandler
                0x08001f08                CAN1_RX1_IRQHandler
                0x08001f08                UART5_IRQHandler
                0x08001f08                DMA2_Stream0_IRQHandler
                0x08001f08                TIM4_IRQHandler
                0x08001f08                I2C1_EV_IRQHandler
                0x08001f08                DMA1_Stream6_IRQHandler
                0x08001f08                DMA1_Stream1_IRQHandler
                0x08001f08                UART4_IRQHandler
                0x08001f08                TIM3_IRQHandler
                0x08001f08                RCC_IRQHandler
                0x08001f08                TIM8_BRK_TIM12_IRQHandler
                0x08001f08                Default_Handler
                0x08001f08                EXTI15_10_IRQHandler
                0x08001f08                ADC_IRQHandler
                0x08001f08                DMA1_Stream7_IRQHandler
                0x08001f08                TIM7_IRQHandler
                0x08001f08                CAN2_TX_IRQHandler
                0x08001f08                TIM5_IRQHandler
                0x08001f08                DMA2_Stream7_IRQHandler
                0x08001f08                I2C3_EV_IRQHandler
                0x08001f08                EXTI9_5_IRQHandler
                0x08001f08                RTC_WKUP_IRQHandler
                0x08001f08                ETH_WKUP_IRQHandler
                0x08001f08                SPI2_IRQHandler
                0x08001f08                OTG_HS_EP1_IN_IRQHandler
                0x08001f08                DMA1_Stream0_IRQHandler
                0x08001f08                CAN1_TX_IRQHandler
                0x08001f08                EXTI4_IRQHandler
                0x08001f08                FSMC_IRQHandler
                0x08001f08                ETH_IRQHandler
                0x08001f08                OTG_HS_EP1_OUT_IRQHandler
                0x08001f08                WWDG_IRQHandler
                0x08001f08                OTG_FS_WKUP_IRQHandler
                0x08001f08                TIM1_TRG_COM_TIM11_IRQHandler
                0x08001f08                OTG_HS_IRQHandler
                0x08001f08                EXTI1_IRQHandler
                0x08001f08                USART2_IRQHandler
                0x08001f08                I2C2_ER_IRQHandler
                0x08001f08                DMA2_Stream1_IRQHandler
                0x08001f08                CAN1_SCE_IRQHandler
                0x08001f08                FLASH_IRQHandler
                0x08001f08                DMA2_Stream4_IRQHandler
                0x08001f08                USART1_IRQHandler
                0x08001f08                OTG_FS_IRQHandler
                0x08001f08                SPI3_IRQHandler
                0x08001f08                DMA1_Stream4_IRQHandler
                0x08001f08                I2C1_ER_IRQHandler
                0x08001f08                DMA2_Stream6_IRQHandler
                0x08001f08                DMA1_Stream3_IRQHandler
 *fill*         0x08001f0a        0x2 
 .text.HAL_Init
                0x08001f0c       0x44 ./Drivers/STM32F4xx_HAL_Driver/Src/stm32f4xx_hal.o
                0x08001f0c                HAL_Init
 .text.HAL_InitTick
                0x08001f50       0x60 ./Drivers/STM32F4xx_HAL_Driver/Src/stm32f4xx_hal.o
                0x08001f50                HAL_InitTick
 .text.HAL_IncTick
                0x08001fb0       0x28 ./Drivers/STM32F4xx_HAL_Driver/Src/stm32f4xx_hal.o
                0x08001fb0                HAL_IncTick
 .text.HAL_GetTick
                0x08001fd8       0x18 ./Drivers/STM32F4xx_HAL_Driver/Src/stm32f4xx_hal.o
                0x08001fd8                HAL_GetTick
 .text.HAL_Delay
                0x08001ff0       0x48 ./Drivers/STM32F4xx_HAL_Driver/Src/stm32f4xx_hal.o
                0x08001ff0                HAL_Delay
 .text.__NVIC_SetPriorityGrouping
                0x08002038       0x48 ./Drivers/STM32F4xx_HAL_Driver/Src/stm32f4xx_hal_cortex.o
 .text.__NVIC_GetPriorityGrouping
                0x08002080       0x1c ./Drivers/STM32F4xx_HAL_Driver/Src/stm32f4xx_hal_cortex.o
 .text.__NVIC_EnableIRQ
                0x0800209c       0x3c ./Drivers/STM32F4xx_HAL_Driver/Src/stm32f4xx_hal_cortex.o
 .text.__NVIC_SetPriority
                0x080020d8       0x54 ./Drivers/STM32F4xx_HAL_Driver/Src/stm32f4xx_hal_cortex.o
 .text.NVIC_EncodePriority
                0x0800212c       0x66 ./Drivers/STM32F4xx_HAL_Driver/Src/stm32f4xx_hal_cortex.o
 *fill*         0x08002192        0x2 
 .text.SysTick_Config
                0x08002194       0x44 ./Drivers/STM32F4xx_HAL_Driver/Src/stm32f4xx_hal_cortex.o
 .text.HAL_NVIC_SetPriorityGrouping
                0x080021d8       0x16 ./Drivers/STM32F4xx_HAL_Driver/Src/stm32f4xx_hal_cortex.o
                0x080021d8                HAL_NVIC_SetPriorityGrouping
 .text.HAL_NVIC_SetPriority
                0x080021ee       0x38 ./Drivers/STM32F4xx_HAL_Driver/Src/stm32f4xx_hal_cortex.o
                0x080021ee                HAL_NVIC_SetPriority
 .text.HAL_NVIC_EnableIRQ
                0x08002226       0x1c ./Drivers/STM32F4xx_HAL_Driver/Src/stm32f4xx_hal_cortex.o
                0x08002226                HAL_NVIC_EnableIRQ
 .text.HAL_SYSTICK_Config
                0x08002242       0x18 ./Drivers/STM32F4xx_HAL_Driver/Src/stm32f4xx_hal_cortex.o
                0x08002242                HAL_SYSTICK_Config
 *fill*         0x0800225a        0x2 
 .text.HAL_GPIO_Init
                0x0800225c      0x338 ./Drivers/STM32F4xx_HAL_Driver/Src/stm32f4xx_hal_gpio.o
                0x0800225c                HAL_GPIO_Init
 .text.HAL_GPIO_WritePin
                0x08002594       0x32 ./Drivers/STM32F4xx_HAL_Driver/Src/stm32f4xx_hal_gpio.o
                0x08002594                HAL_GPIO_WritePin
 *fill*         0x080025c6        0x2 
 .text.HAL_RCC_OscConfig
                0x080025c8      0x4f0 ./Drivers/STM32F4xx_HAL_Driver/Src/stm32f4xx_hal_rcc.o
                0x080025c8                HAL_RCC_OscConfig
 .text.HAL_RCC_ClockConfig
                0x08002ab8      0x1cc ./Drivers/STM32F4xx_HAL_Driver/Src/stm32f4xx_hal_rcc.o
                0x08002ab8                HAL_RCC_ClockConfig
 .text.HAL_RCC_GetSysClockFreq
                0x08002c84      0x20c ./Drivers/STM32F4xx_HAL_Driver/Src/stm32f4xx_hal_rcc.o
                0x08002c84                HAL_RCC_GetSysClockFreq
 .text.HAL_SPI_Init
                0x08002e90      0x112 ./Drivers/STM32F4xx_HAL_Driver/Src/stm32f4xx_hal_spi.o
                0x08002e90                HAL_SPI_Init
 .text.HAL_SPI_Transmit
                0x08002fa2      0x288 ./Drivers/STM32F4xx_HAL_Driver/Src/stm32f4xx_hal_spi.o
                0x08002fa2                HAL_SPI_Transmit
 *fill*         0x0800322a        0x2 
 .text.SPI_WaitFlagStateUntilTimeout
                0x0800322c      0x110 ./Drivers/STM32F4xx_HAL_Driver/Src/stm32f4xx_hal_spi.o
 .text.SPI_EndRxTxTransaction
                0x0800333c       0xa8 ./Drivers/STM32F4xx_HAL_Driver/Src/stm32f4xx_hal_spi.o
 .text.HAL_SRAM_Init
                0x080033e4       0x90 ./Drivers/STM32F4xx_HAL_Driver/Src/stm32f4xx_hal_sram.o
                0x080033e4                HAL_SRAM_Init
 .text.HAL_TIM_Base_Init
                0x08003474       0x9e ./Drivers/STM32F4xx_HAL_Driver/Src/stm32f4xx_hal_tim.o
                0x08003474                HAL_TIM_Base_Init
 *fill*         0x08003512        0x2 
 .text.HAL_TIM_Base_Start_IT
                0x08003514       0xe0 ./Drivers/STM32F4xx_HAL_Driver/Src/stm32f4xx_hal_tim.o
                0x08003514                HAL_TIM_Base_Start_IT
 .text.HAL_TIM_IRQHandler
                0x080035f4      0x1e0 ./Drivers/STM32F4xx_HAL_Driver/Src/stm32f4xx_hal_tim.o
                0x080035f4                HAL_TIM_IRQHandler
 .text.HAL_TIM_ConfigClockSource
                0x080037d4      0x18e ./Drivers/STM32F4xx_HAL_Driver/Src/stm32f4xx_hal_tim.o
                0x080037d4                HAL_TIM_ConfigClockSource
 .text.HAL_TIM_OC_DelayElapsedCallback
                0x08003962       0x14 ./Drivers/STM32F4xx_HAL_Driver/Src/stm32f4xx_hal_tim.o
                0x08003962                HAL_TIM_OC_DelayElapsedCallback
 .text.HAL_TIM_IC_CaptureCallback
                0x08003976       0x14 ./Drivers/STM32F4xx_HAL_Driver/Src/stm32f4xx_hal_tim.o
                0x08003976                HAL_TIM_IC_CaptureCallback
 .text.HAL_TIM_PWM_PulseFinishedCallback
                0x0800398a       0x14 ./Drivers/STM32F4xx_HAL_Driver/Src/stm32f4xx_hal_tim.o
                0x0800398a                HAL_TIM_PWM_PulseFinishedCallback
 .text.HAL_TIM_TriggerCallback
                0x0800399e       0x14 ./Drivers/STM32F4xx_HAL_Driver/Src/stm32f4xx_hal_tim.o
                0x0800399e                HAL_TIM_TriggerCallback
 *fill*         0x080039b2        0x2 
 .text.TIM_Base_SetConfig
                0x080039b4      0x158 ./Drivers/STM32F4xx_HAL_Driver/Src/stm32f4xx_hal_tim.o
                0x080039b4                TIM_Base_SetConfig
 .text.TIM_TI1_ConfigInputStage
                0x08003b0c       0x5e ./Drivers/STM32F4xx_HAL_Driver/Src/stm32f4xx_hal_tim.o
 .text.TIM_TI2_ConfigInputStage
                0x08003b6a       0x60 ./Drivers/STM32F4xx_HAL_Driver/Src/stm32f4xx_hal_tim.o
 .text.TIM_ITRx_SetConfig
                0x08003bca       0x36 ./Drivers/STM32F4xx_HAL_Driver/Src/stm32f4xx_hal_tim.o
 .text.TIM_ETR_SetConfig
                0x08003c00       0x40 ./Drivers/STM32F4xx_HAL_Driver/Src/stm32f4xx_hal_tim.o
                0x08003c00                TIM_ETR_SetConfig
 .text.HAL_TIMEx_MasterConfigSynchronization
                0x08003c40       0xf8 ./Drivers/STM32F4xx_HAL_Driver/Src/stm32f4xx_hal_tim_ex.o
                0x08003c40                HAL_TIMEx_MasterConfigSynchronization
 .text.HAL_TIMEx_CommutCallback
                0x08003d38       0x14 ./Drivers/STM32F4xx_HAL_Driver/Src/stm32f4xx_hal_tim_ex.o
                0x08003d38                HAL_TIMEx_CommutCallback
 .text.HAL_TIMEx_BreakCallback
                0x08003d4c       0x14 ./Drivers/STM32F4xx_HAL_Driver/Src/stm32f4xx_hal_tim_ex.o
                0x08003d4c                HAL_TIMEx_BreakCallback
 .text.FSMC_NORSRAM_Init
                0x08003d60       0xd4 ./Drivers/STM32F4xx_HAL_Driver/Src/stm32f4xx_ll_fsmc.o
                0x08003d60                FSMC_NORSRAM_Init
 .text.FSMC_NORSRAM_Timing_Init
                0x08003e34       0x6a ./Drivers/STM32F4xx_HAL_Driver/Src/stm32f4xx_ll_fsmc.o
                0x08003e34                FSMC_NORSRAM_Timing_Init
 *fill*         0x08003e9e        0x2 
 .text.FSMC_NORSRAM_Extended_Timing_Init
                0x08003ea0       0x70 ./Drivers/STM32F4xx_HAL_Driver/Src/stm32f4xx_ll_fsmc.o
                0x08003ea0                FSMC_NORSRAM_Extended_Timing_Init
 .text.memset   0x08003f10       0x10 C:/ST/STM32CubeIDE_1.16.1/STM32CubeIDE/plugins/com.st.stm32cube.ide.mcu.externaltools.gnu-tools-for-stm32.12.3.rel1.win32_1.0.200.202406191623/tools/bin/../lib/gcc/arm-none-eabi/12.3.1/../../../../arm-none-eabi/lib/thumb/v7e-m+fp/hard\libc_nano.a(libc_a-memset.o)
                0x08003f10                memset
 .text.__libc_init_array
                0x08003f20       0x48 C:/ST/STM32CubeIDE_1.16.1/STM32CubeIDE/plugins/com.st.stm32cube.ide.mcu.externaltools.gnu-tools-for-stm32.12.3.rel1.win32_1.0.200.202406191623/tools/bin/../lib/gcc/arm-none-eabi/12.3.1/../../../../arm-none-eabi/lib/thumb/v7e-m+fp/hard\libc_nano.a(libc_a-init.o)
                0x08003f20                __libc_init_array
 *(.glue_7)
 .glue_7        0x08003f68        0x0 linker stubs
 *(.glue_7t)
 .glue_7t       0x08003f68        0x0 linker stubs
 *(.eh_frame)
 .eh_frame      0x08003f68        0x0 C:/ST/STM32CubeIDE_1.16.1/STM32CubeIDE/plugins/com.st.stm32cube.ide.mcu.externaltools.gnu-tools-for-stm32.12.3.rel1.win32_1.0.200.202406191623/tools/bin/../lib/gcc/arm-none-eabi/12.3.1/thumb/v7e-m+fp/hard/crtbegin.o
 *(.init)
 .init          0x08003f68        0x4 C:/ST/STM32CubeIDE_1.16.1/STM32CubeIDE/plugins/com.st.stm32cube.ide.mcu.externaltools.gnu-tools-for-stm32.12.3.rel1.win32_1.0.200.202406191623/tools/bin/../lib/gcc/arm-none-eabi/12.3.1/thumb/v7e-m+fp/hard/crti.o
                0x08003f68                _init
 .init          0x08003f6c        0x8 C:/ST/STM32CubeIDE_1.16.1/STM32CubeIDE/plugins/com.st.stm32cube.ide.mcu.externaltools.gnu-tools-for-stm32.12.3.rel1.win32_1.0.200.202406191623/tools/bin/../lib/gcc/arm-none-eabi/12.3.1/thumb/v7e-m+fp/hard/crtn.o
 *(.fini)
 .fini          0x08003f74        0x4 C:/ST/STM32CubeIDE_1.16.1/STM32CubeIDE/plugins/com.st.stm32cube.ide.mcu.externaltools.gnu-tools-for-stm32.12.3.rel1.win32_1.0.200.202406191623/tools/bin/../lib/gcc/arm-none-eabi/12.3.1/thumb/v7e-m+fp/hard/crti.o
                0x08003f74                _fini
 .fini          0x08003f78        0x8 C:/ST/STM32CubeIDE_1.16.1/STM32CubeIDE/plugins/com.st.stm32cube.ide.mcu.externaltools.gnu-tools-for-stm32.12.3.rel1.win32_1.0.200.202406191623/tools/bin/../lib/gcc/arm-none-eabi/12.3.1/thumb/v7e-m+fp/hard/crtn.o
                0x08003f80                        . = ALIGN (0x4)
                0x08003f80                        _etext = .

.vfp11_veneer   0x08003f80        0x0
 .vfp11_veneer  0x08003f80        0x0 linker stubs

.v4_bx          0x08003f80        0x0
 .v4_bx         0x08003f80        0x0 linker stubs

.iplt           0x08003f80        0x0
 .iplt          0x08003f80        0x0 C:/ST/STM32CubeIDE_1.16.1/STM32CubeIDE/plugins/com.st.stm32cube.ide.mcu.externaltools.gnu-tools-for-stm32.12.3.rel1.win32_1.0.200.202406191623/tools/bin/../lib/gcc/arm-none-eabi/12.3.1/thumb/v7e-m+fp/hard/crtbegin.o

.rodata         0x08003f80       0x10
                0x08003f80                        . = ALIGN (0x4)
 *(.rodata)
 *(.rodata*)
 .rodata.AHBPrescTable
                0x08003f80       0x10 ./Core/Src/system_stm32f4xx.o
                0x08003f80                AHBPrescTable
                0x08003f90                        . = ALIGN (0x4)

.ARM.extab      0x08003f90        0x0
                0x08003f90                        . = ALIGN (0x4)
 *(.ARM.extab* .gnu.linkonce.armextab.*)
                0x08003f90                        . = ALIGN (0x4)

.ARM            0x08003f90        0x8
                0x08003f90                        . = ALIGN (0x4)
                0x08003f90                        __exidx_start = .
 *(.ARM.exidx*)
 .ARM.exidx     0x08003f90        0x8 C:/ST/STM32CubeIDE_1.16.1/STM32CubeIDE/plugins/com.st.stm32cube.ide.mcu.externaltools.gnu-tools-for-stm32.12.3.rel1.win32_1.0.200.202406191623/tools/bin/../lib/gcc/arm-none-eabi/12.3.1/thumb/v7e-m+fp/hard\libgcc.a(_udivmoddi4.o)
                0x08003f98                        __exidx_end = .
                0x08003f98                        . = ALIGN (0x4)

.preinit_array  0x08003f98        0x0
                0x08003f98                        . = ALIGN (0x4)
                0x08003f98                        PROVIDE (__preinit_array_start = .)
 *(.preinit_array*)
                0x08003f98                        PROVIDE (__preinit_array_end = .)
                0x08003f98                        . = ALIGN (0x4)

.init_array     0x08003f98        0x4
                0x08003f98                        . = ALIGN (0x4)
                0x08003f98                        PROVIDE (__init_array_start = .)
 *(SORT_BY_NAME(.init_array.*))
 *(.init_array*)
 .init_array    0x08003f98        0x4 C:/ST/STM32CubeIDE_1.16.1/STM32CubeIDE/plugins/com.st.stm32cube.ide.mcu.externaltools.gnu-tools-for-stm32.12.3.rel1.win32_1.0.200.202406191623/tools/bin/../lib/gcc/arm-none-eabi/12.3.1/thumb/v7e-m+fp/hard/crtbegin.o
                0x08003f9c                        PROVIDE (__init_array_end = .)
                0x08003f9c                        . = ALIGN (0x4)

.fini_array     0x08003f9c        0x4
                0x08003f9c                        . = ALIGN (0x4)
                [!provide]                        PROVIDE (__fini_array_start = .)
 *(SORT_BY_NAME(.fini_array.*))
 *(.fini_array*)
 .fini_array    0x08003f9c        0x4 C:/ST/STM32CubeIDE_1.16.1/STM32CubeIDE/plugins/com.st.stm32cube.ide.mcu.externaltools.gnu-tools-for-stm32.12.3.rel1.win32_1.0.200.202406191623/tools/bin/../lib/gcc/arm-none-eabi/12.3.1/thumb/v7e-m+fp/hard/crtbegin.o
                [!provide]                        PROVIDE (__fini_array_end = .)
                0x08003fa0                        . = ALIGN (0x4)
                0x08003fa0                        _sidata = LOADADDR (.data)

.rel.dyn        0x08003fa0        0x0
 .rel.iplt      0x08003fa0        0x0 C:/ST/STM32CubeIDE_1.16.1/STM32CubeIDE/plugins/com.st.stm32cube.ide.mcu.externaltools.gnu-tools-for-stm32.12.3.rel1.win32_1.0.200.202406191623/tools/bin/../lib/gcc/arm-none-eabi/12.3.1/thumb/v7e-m+fp/hard/crtbegin.o

.data           0x20000000       0x28 load address 0x08003fa0
                0x20000000                        . = ALIGN (0x4)
                0x20000000                        _sdata = .
 *(.data)
 *(.data*)
 .data.redDuration
                0x20000000        0x4 ./Core/Src/global.o
                0x20000000                redDuration
 .data.greenDuration
                0x20000004        0x4 ./Core/Src/global.o
                0x20000004                greenDuration
 .data.amberDuration
                0x20000008        0x4 ./Core/Src/global.o
                0x20000008                amberDuration
 .data.led7seg  0x2000000c        0x4 ./Core/Src/led_7seg.o
                0x2000000c                led7seg
 .data.arrayOfNum
                0x20000010        0xa ./Core/Src/led_7seg.o
                0x20000010                arrayOfNum
 .data.spi_buffer
                0x2000001a        0x2 ./Core/Src/led_7seg.o
                0x2000001a                spi_buffer
 .data.SystemCoreClock
                0x2000001c        0x4 ./Core/Src/system_stm32f4xx.o
                0x2000001c                SystemCoreClock
 .data.uwTickPrio
                0x20000020        0x4 ./Drivers/STM32F4xx_HAL_Driver/Src/stm32f4xx_hal.o
                0x20000020                uwTickPrio
 .data.uwTickFreq
                0x20000024        0x1 ./Drivers/STM32F4xx_HAL_Driver/Src/stm32f4xx_hal.o
                0x20000024                uwTickFreq
 *(.RamFunc)
 *(.RamFunc*)
                0x20000028                        . = ALIGN (0x4)
 *fill*         0x20000025        0x3 
                0x20000028                        _edata = .
                0x08003fc8                        _siccmram = LOADADDR (.ccmram)

.igot.plt       0x20000028        0x0 load address 0x08003fc8
 .igot.plt      0x20000028        0x0 C:/ST/STM32CubeIDE_1.16.1/STM32CubeIDE/plugins/com.st.stm32cube.ide.mcu.externaltools.gnu-tools-for-stm32.12.3.rel1.win32_1.0.200.202406191623/tools/bin/../lib/gcc/arm-none-eabi/12.3.1/thumb/v7e-m+fp/hard/crtbegin.o

.ccmram         0x10000000        0x0 load address 0x08003fc8
                0x10000000                        . = ALIGN (0x4)
                0x10000000                        _sccmram = .
 *(.ccmram)
 *(.ccmram*)
                0x10000000                        . = ALIGN (0x4)
                0x10000000                        _eccmram = .
                0x10000000                        . = ALIGN (0x4)

.bss            0x20000028      0x178
                0x20000028                        _sbss = .
                0x20000028                        __bss_start__ = _sbss
 *(.bss)
 .bss           0x20000028       0x1c C:/ST/STM32CubeIDE_1.16.1/STM32CubeIDE/plugins/com.st.stm32cube.ide.mcu.externaltools.gnu-tools-for-stm32.12.3.rel1.win32_1.0.200.202406191623/tools/bin/../lib/gcc/arm-none-eabi/12.3.1/thumb/v7e-m+fp/hard/crtbegin.o
 *(.bss*)
 .bss.button_count
                0x20000044       0x20 ./Core/Src/button.o
                0x20000044                button_count
 .bss.hsram1    0x20000064       0x50 ./Core/Src/fsmc.o
                0x20000064                hsram1
 .bss.FSMC_Initialized
                0x200000b4        0x4 ./Core/Src/fsmc.o
 .bss.status    0x200000b8        0x4 ./Core/Src/global.o
                0x200000b8                status
 .bss.redCounter
                0x200000bc        0x4 ./Core/Src/global.o
                0x200000bc                redCounter
 .bss.greenCounter
                0x200000c0        0x4 ./Core/Src/global.o
                0x200000c0                greenCounter
 .bss.amberCounter
                0x200000c4        0x4 ./Core/Src/global.o
                0x200000c4                amberCounter
 .bss.road1     0x200000c8        0x4 ./Core/Src/global.o
                0x200000c8                road1
 .bss.road2     0x200000cc        0x4 ./Core/Src/global.o
                0x200000cc                road2
 .bss.mode      0x200000d0        0x4 ./Core/Src/global.o
                0x200000d0                mode
 .bss.tempRed   0x200000d4        0x4 ./Core/Src/global.o
                0x200000d4                tempRed
 .bss.tempGreen
                0x200000d8        0x4 ./Core/Src/global.o
                0x200000d8                tempGreen
 .bss.tempAmber
                0x200000dc        0x4 ./Core/Src/global.o
                0x200000dc                tempAmber
 .bss.lcddev    0x200000e0        0x6 ./Core/Src/lcd.o
                0x200000e0                lcddev
 .bss.led7_index
                0x200000e6        0x2 ./Core/Src/led_7seg.o
                0x200000e6                led7_index
 .bss.flag_timer1
                0x200000e8        0x2 ./Core/Src/software_timer.o
                0x200000e8                flag_timer1
 .bss.timer1_counter
                0x200000ea        0x2 ./Core/Src/software_timer.o
                0x200000ea                timer1_counter
 .bss.timer1_MUL
                0x200000ec        0x2 ./Core/Src/software_timer.o
                0x200000ec                timer1_MUL
 .bss.flag_timer2
                0x200000ee        0x2 ./Core/Src/software_timer.o
                0x200000ee                flag_timer2
 .bss.timer2_counter
                0x200000f0        0x2 ./Core/Src/software_timer.o
                0x200000f0                timer2_counter
 .bss.timer2_MUL
                0x200000f2        0x2 ./Core/Src/software_timer.o
                0x200000f2                timer2_MUL
 .bss.flag_timer3
                0x200000f4        0x2 ./Core/Src/software_timer.o
                0x200000f4                flag_timer3
 .bss.timer3_counter
                0x200000f6        0x2 ./Core/Src/software_timer.o
                0x200000f6                timer3_counter
 .bss.timer3_MUL
                0x200000f8        0x2 ./Core/Src/software_timer.o
                0x200000f8                timer3_MUL
 *fill*         0x200000fa        0x2 
 .bss.hspi1     0x200000fc       0x58 ./Core/Src/spi.o
                0x200000fc                hspi1
 .bss.htim2     0x20000154       0x48 ./Core/Src/tim.o
                0x20000154                htim2
 .bss.uwTick    0x2000019c        0x4 ./Drivers/STM32F4xx_HAL_Driver/Src/stm32f4xx_hal.o
                0x2000019c                uwTick
 *(COMMON)
                0x200001a0                        . = ALIGN (0x4)
                0x200001a0                        _ebss = .
                0x200001a0                        __bss_end__ = _ebss

._user_heap_stack
                0x200001a0      0x600
                0x200001a0                        . = ALIGN (0x8)
                [!provide]                        PROVIDE (end = .)
                0x200001a0                        PROVIDE (_end = .)
                0x200003a0                        . = (. + _Min_Heap_Size)
 *fill*         0x200001a0      0x200 
                0x200007a0                        . = (. + _Min_Stack_Size)
 *fill*         0x200003a0      0x400 
                0x200007a0                        . = ALIGN (0x8)

/DISCARD/
 libc.a(*)
 libm.a(*)
 libgcc.a(*)

.ARM.attributes
                0x00000000       0x30
 *(.ARM.attributes)
 .ARM.attributes
                0x00000000       0x22 C:/ST/STM32CubeIDE_1.16.1/STM32CubeIDE/plugins/com.st.stm32cube.ide.mcu.externaltools.gnu-tools-for-stm32.12.3.rel1.win32_1.0.200.202406191623/tools/bin/../lib/gcc/arm-none-eabi/12.3.1/thumb/v7e-m+fp/hard/crti.o
 .ARM.attributes
                0x00000022       0x34 C:/ST/STM32CubeIDE_1.16.1/STM32CubeIDE/plugins/com.st.stm32cube.ide.mcu.externaltools.gnu-tools-for-stm32.12.3.rel1.win32_1.0.200.202406191623/tools/bin/../lib/gcc/arm-none-eabi/12.3.1/thumb/v7e-m+fp/hard/crtbegin.o
 .ARM.attributes
                0x00000056       0x34 ./Core/Src/button.o
 .ARM.attributes
                0x0000008a       0x34 ./Core/Src/fsm_auto.o
 .ARM.attributes
                0x000000be       0x34 ./Core/Src/fsm_man.o
 .ARM.attributes
                0x000000f2       0x34 ./Core/Src/fsmc.o
 .ARM.attributes
                0x00000126       0x34 ./Core/Src/global.o
 .ARM.attributes
                0x0000015a       0x34 ./Core/Src/gpio.o
 .ARM.attributes
                0x0000018e       0x34 ./Core/Src/graphic.o
 .ARM.attributes
                0x000001c2       0x34 ./Core/Src/lcd.o
 .ARM.attributes
                0x000001f6       0x34 ./Core/Src/led_7seg.o
 .ARM.attributes
                0x0000022a       0x34 ./Core/Src/main.o
 .ARM.attributes
                0x0000025e       0x34 ./Core/Src/software_timer.o
 .ARM.attributes
                0x00000292       0x34 ./Core/Src/spi.o
 .ARM.attributes
                0x000002c6       0x34 ./Core/Src/stm32f4xx_hal_msp.o
 .ARM.attributes
                0x000002fa       0x34 ./Core/Src/stm32f4xx_it.o
 .ARM.attributes
                0x0000032e       0x34 ./Core/Src/system_stm32f4xx.o
 .ARM.attributes
                0x00000362       0x34 ./Core/Src/tim.o
 .ARM.attributes
                0x00000396       0x21 ./Core/Startup/startup_stm32f407zgtx.o
 .ARM.attributes
                0x000003b7       0x34 ./Drivers/STM32F4xx_HAL_Driver/Src/stm32f4xx_hal.o
 .ARM.attributes
                0x000003eb       0x34 ./Drivers/STM32F4xx_HAL_Driver/Src/stm32f4xx_hal_cortex.o
 .ARM.attributes
                0x0000041f       0x34 ./Drivers/STM32F4xx_HAL_Driver/Src/stm32f4xx_hal_gpio.o
 .ARM.attributes
                0x00000453       0x34 ./Drivers/STM32F4xx_HAL_Driver/Src/stm32f4xx_hal_rcc.o
 .ARM.attributes
                0x00000487       0x34 ./Drivers/STM32F4xx_HAL_Driver/Src/stm32f4xx_hal_spi.o
 .ARM.attributes
                0x000004bb       0x34 ./Drivers/STM32F4xx_HAL_Driver/Src/stm32f4xx_hal_sram.o
 .ARM.attributes
                0x000004ef       0x34 ./Drivers/STM32F4xx_HAL_Driver/Src/stm32f4xx_hal_tim.o
 .ARM.attributes
                0x00000523       0x34 ./Drivers/STM32F4xx_HAL_Driver/Src/stm32f4xx_hal_tim_ex.o
 .ARM.attributes
                0x00000557       0x34 ./Drivers/STM32F4xx_HAL_Driver/Src/stm32f4xx_ll_fsmc.o
 .ARM.attributes
                0x0000058b       0x34 C:/ST/STM32CubeIDE_1.16.1/STM32CubeIDE/plugins/com.st.stm32cube.ide.mcu.externaltools.gnu-tools-for-stm32.12.3.rel1.win32_1.0.200.202406191623/tools/bin/../lib/gcc/arm-none-eabi/12.3.1/../../../../arm-none-eabi/lib/thumb/v7e-m+fp/hard\libc_nano.a(libc_a-memset.o)
 .ARM.attributes
                0x000005bf       0x34 C:/ST/STM32CubeIDE_1.16.1/STM32CubeIDE/plugins/com.st.stm32cube.ide.mcu.externaltools.gnu-tools-for-stm32.12.3.rel1.win32_1.0.200.202406191623/tools/bin/../lib/gcc/arm-none-eabi/12.3.1/../../../../arm-none-eabi/lib/thumb/v7e-m+fp/hard\libc_nano.a(libc_a-init.o)
 .ARM.attributes
                0x000005f3       0x22 C:/ST/STM32CubeIDE_1.16.1/STM32CubeIDE/plugins/com.st.stm32cube.ide.mcu.externaltools.gnu-tools-for-stm32.12.3.rel1.win32_1.0.200.202406191623/tools/bin/../lib/gcc/arm-none-eabi/12.3.1/thumb/v7e-m+fp/hard\libgcc.a(_aeabi_uldivmod.o)
 .ARM.attributes
                0x00000615       0x34 C:/ST/STM32CubeIDE_1.16.1/STM32CubeIDE/plugins/com.st.stm32cube.ide.mcu.externaltools.gnu-tools-for-stm32.12.3.rel1.win32_1.0.200.202406191623/tools/bin/../lib/gcc/arm-none-eabi/12.3.1/thumb/v7e-m+fp/hard\libgcc.a(_udivmoddi4.o)
 .ARM.attributes
                0x00000649       0x22 C:/ST/STM32CubeIDE_1.16.1/STM32CubeIDE/plugins/com.st.stm32cube.ide.mcu.externaltools.gnu-tools-for-stm32.12.3.rel1.win32_1.0.200.202406191623/tools/bin/../lib/gcc/arm-none-eabi/12.3.1/thumb/v7e-m+fp/hard\libgcc.a(_dvmd_tls.o)
 .ARM.attributes
                0x0000066b       0x22 C:/ST/STM32CubeIDE_1.16.1/STM32CubeIDE/plugins/com.st.stm32cube.ide.mcu.externaltools.gnu-tools-for-stm32.12.3.rel1.win32_1.0.200.202406191623/tools/bin/../lib/gcc/arm-none-eabi/12.3.1/thumb/v7e-m+fp/hard/crtn.o
OUTPUT(LAB3.elf elf32-littlearm)
LOAD linker stubs
LOAD C:/ST/STM32CubeIDE_1.16.1/STM32CubeIDE/plugins/com.st.stm32cube.ide.mcu.externaltools.gnu-tools-for-stm32.12.3.rel1.win32_1.0.200.202406191623/tools/bin/../lib/gcc/arm-none-eabi/12.3.1/../../../../arm-none-eabi/lib/thumb/v7e-m+fp/hard\libc.a
LOAD C:/ST/STM32CubeIDE_1.16.1/STM32CubeIDE/plugins/com.st.stm32cube.ide.mcu.externaltools.gnu-tools-for-stm32.12.3.rel1.win32_1.0.200.202406191623/tools/bin/../lib/gcc/arm-none-eabi/12.3.1/../../../../arm-none-eabi/lib/thumb/v7e-m+fp/hard\libm.a
LOAD C:/ST/STM32CubeIDE_1.16.1/STM32CubeIDE/plugins/com.st.stm32cube.ide.mcu.externaltools.gnu-tools-for-stm32.12.3.rel1.win32_1.0.200.202406191623/tools/bin/../lib/gcc/arm-none-eabi/12.3.1/thumb/v7e-m+fp/hard\libgcc.a

.debug_info     0x00000000     0xf5c9
 .debug_info    0x00000000      0x7a2 ./Core/Src/button.o
 .debug_info    0x000007a2      0x1b7 ./Core/Src/fsm_auto.o
 .debug_info    0x00000959      0x15b ./Core/Src/fsm_man.o
 .debug_info    0x00000ab4      0x9ee ./Core/Src/fsmc.o
 .debug_info    0x000014a2      0x195 ./Core/Src/global.o
 .debug_info    0x00001637      0x45d ./Core/Src/gpio.o
 .debug_info    0x00001a94      0x1b8 ./Core/Src/graphic.o
 .debug_info    0x00001c4c      0xd9a ./Core/Src/lcd.o
 .debug_info    0x000029e6      0x852 ./Core/Src/led_7seg.o
 .debug_info    0x00003238      0x71c ./Core/Src/main.o
 .debug_info    0x00003954      0x7f7 ./Core/Src/software_timer.o
 .debug_info    0x0000414b      0x94d ./Core/Src/spi.o
 .debug_info    0x00004a98      0x269 ./Core/Src/stm32f4xx_hal_msp.o
 .debug_info    0x00004d01      0x6e1 ./Core/Src/stm32f4xx_it.o
 .debug_info    0x000053e2      0x512 ./Core/Src/system_stm32f4xx.o
 .debug_info    0x000058f4      0xc03 ./Core/Src/tim.o
 .debug_info    0x000064f7       0x30 ./Core/Startup/startup_stm32f407zgtx.o
 .debug_info    0x00006527      0x944 ./Drivers/STM32F4xx_HAL_Driver/Src/stm32f4xx_hal.o
 .debug_info    0x00006e6b      0xd8c ./Drivers/STM32F4xx_HAL_Driver/Src/stm32f4xx_hal_cortex.o
 .debug_info    0x00007bf7      0x6c3 ./Drivers/STM32F4xx_HAL_Driver/Src/stm32f4xx_hal_gpio.o
 .debug_info    0x000082ba      0x8af ./Drivers/STM32F4xx_HAL_Driver/Src/stm32f4xx_hal_rcc.o
 .debug_info    0x00008b69     0x1525 ./Drivers/STM32F4xx_HAL_Driver/Src/stm32f4xx_hal_spi.o
 .debug_info    0x0000a08e      0xd39 ./Drivers/STM32F4xx_HAL_Driver/Src/stm32f4xx_hal_sram.o
 .debug_info    0x0000adc7     0x299d ./Drivers/STM32F4xx_HAL_Driver/Src/stm32f4xx_hal_tim.o
 .debug_info    0x0000d764     0x14db ./Drivers/STM32F4xx_HAL_Driver/Src/stm32f4xx_hal_tim_ex.o
 .debug_info    0x0000ec3f      0x98a ./Drivers/STM32F4xx_HAL_Driver/Src/stm32f4xx_ll_fsmc.o

.debug_abbrev   0x00000000     0x2e36
 .debug_abbrev  0x00000000      0x212 ./Core/Src/button.o
 .debug_abbrev  0x00000212       0xc9 ./Core/Src/fsm_auto.o
 .debug_abbrev  0x000002db       0xae ./Core/Src/fsm_man.o
 .debug_abbrev  0x00000389      0x212 ./Core/Src/fsmc.o
 .debug_abbrev  0x0000059b       0x4e ./Core/Src/global.o
 .debug_abbrev  0x000005e9      0x152 ./Core/Src/gpio.o
 .debug_abbrev  0x0000073b       0xd0 ./Core/Src/graphic.o
 .debug_abbrev  0x0000080b      0x341 ./Core/Src/lcd.o
 .debug_abbrev  0x00000b4c      0x213 ./Core/Src/led_7seg.o
 .debug_abbrev  0x00000d5f      0x256 ./Core/Src/main.o
 .debug_abbrev  0x00000fb5      0x208 ./Core/Src/software_timer.o
 .debug_abbrev  0x000011bd      0x1fa ./Core/Src/spi.o
 .debug_abbrev  0x000013b7       0xd8 ./Core/Src/stm32f4xx_hal_msp.o
 .debug_abbrev  0x0000148f      0x192 ./Core/Src/stm32f4xx_it.o
 .debug_abbrev  0x00001621      0x11a ./Core/Src/system_stm32f4xx.o
 .debug_abbrev  0x0000173b      0x1f7 ./Core/Src/tim.o
 .debug_abbrev  0x00001932       0x24 ./Core/Startup/startup_stm32f407zgtx.o
 .debug_abbrev  0x00001956      0x214 ./Drivers/STM32F4xx_HAL_Driver/Src/stm32f4xx_hal.o
 .debug_abbrev  0x00001b6a      0x31d ./Drivers/STM32F4xx_HAL_Driver/Src/stm32f4xx_hal_cortex.o
 .debug_abbrev  0x00001e87      0x1d4 ./Drivers/STM32F4xx_HAL_Driver/Src/stm32f4xx_hal_gpio.o
 .debug_abbrev  0x0000205b      0x2b7 ./Drivers/STM32F4xx_HAL_Driver/Src/stm32f4xx_hal_rcc.o
 .debug_abbrev  0x00002312      0x27a ./Drivers/STM32F4xx_HAL_Driver/Src/stm32f4xx_hal_spi.o
 .debug_abbrev  0x0000258c      0x20c ./Drivers/STM32F4xx_HAL_Driver/Src/stm32f4xx_hal_sram.o
 .debug_abbrev  0x00002798      0x278 ./Drivers/STM32F4xx_HAL_Driver/Src/stm32f4xx_hal_tim.o
 .debug_abbrev  0x00002a10      0x283 ./Drivers/STM32F4xx_HAL_Driver/Src/stm32f4xx_hal_tim_ex.o
 .debug_abbrev  0x00002c93      0x1a3 ./Drivers/STM32F4xx_HAL_Driver/Src/stm32f4xx_ll_fsmc.o

.debug_aranges  0x00000000      0xf98
 .debug_aranges
                0x00000000       0x30 ./Core/Src/button.o
 .debug_aranges
                0x00000030       0x28 ./Core/Src/fsm_auto.o
 .debug_aranges
                0x00000058       0x20 ./Core/Src/fsm_man.o
 .debug_aranges
                0x00000078       0x40 ./Core/Src/fsmc.o
 .debug_aranges
                0x000000b8       0x18 ./Core/Src/global.o
 .debug_aranges
                0x000000d0       0x20 ./Core/Src/gpio.o
 .debug_aranges
                0x000000f0       0x48 ./Core/Src/graphic.o
 .debug_aranges
                0x00000138       0xd8 ./Core/Src/lcd.o
 .debug_aranges
                0x00000210       0x50 ./Core/Src/led_7seg.o
 .debug_aranges
                0x00000260       0x58 ./Core/Src/main.o
 .debug_aranges
                0x000002b8       0x40 ./Core/Src/software_timer.o
 .debug_aranges
                0x000002f8       0x30 ./Core/Src/spi.o
 .debug_aranges
                0x00000328       0x20 ./Core/Src/stm32f4xx_hal_msp.o
 .debug_aranges
                0x00000348       0x68 ./Core/Src/stm32f4xx_it.o
 .debug_aranges
                0x000003b0       0x28 ./Core/Src/system_stm32f4xx.o
 .debug_aranges
                0x000003d8       0x30 ./Core/Src/tim.o
 .debug_aranges
                0x00000408       0x28 ./Core/Startup/startup_stm32f407zgtx.o
 .debug_aranges
                0x00000430       0xf0 ./Drivers/STM32F4xx_HAL_Driver/Src/stm32f4xx_hal.o
 .debug_aranges
                0x00000520      0x130 ./Drivers/STM32F4xx_HAL_Driver/Src/stm32f4xx_hal_cortex.o
 .debug_aranges
                0x00000650       0x58 ./Drivers/STM32F4xx_HAL_Driver/Src/stm32f4xx_hal_gpio.o
 .debug_aranges
                0x000006a8       0x88 ./Drivers/STM32F4xx_HAL_Driver/Src/stm32f4xx_hal_rcc.o
 .debug_aranges
                0x00000730      0x1d0 ./Drivers/STM32F4xx_HAL_Driver/Src/stm32f4xx_hal_spi.o
 .debug_aranges
                0x00000900       0xb8 ./Drivers/STM32F4xx_HAL_Driver/Src/stm32f4xx_hal_sram.o
 .debug_aranges
                0x000009b8      0x3d0 ./Drivers/STM32F4xx_HAL_Driver/Src/stm32f4xx_hal_tim.o
 .debug_aranges
                0x00000d88      0x168 ./Drivers/STM32F4xx_HAL_Driver/Src/stm32f4xx_hal_tim_ex.o
 .debug_aranges
                0x00000ef0       0xa8 ./Drivers/STM32F4xx_HAL_Driver/Src/stm32f4xx_ll_fsmc.o

.debug_rnglists
                0x00000000      0xbc7
 .debug_rnglists
                0x00000000       0x20 ./Core/Src/button.o
 .debug_rnglists
                0x00000020       0x1a ./Core/Src/fsm_auto.o
 .debug_rnglists
                0x0000003a       0x14 ./Core/Src/fsm_man.o
 .debug_rnglists
                0x0000004e       0x2d ./Core/Src/fsmc.o
 .debug_rnglists
                0x0000007b       0x14 ./Core/Src/gpio.o
 .debug_rnglists
                0x0000008f       0x33 ./Core/Src/graphic.o
 .debug_rnglists
                0x000000c2       0xa8 ./Core/Src/lcd.o
 .debug_rnglists
                0x0000016a       0x39 ./Core/Src/led_7seg.o
 .debug_rnglists
                0x000001a3       0x3e ./Core/Src/main.o
 .debug_rnglists
                0x000001e1       0x2c ./Core/Src/software_timer.o
 .debug_rnglists
                0x0000020d       0x20 ./Core/Src/spi.o
 .debug_rnglists
                0x0000022d       0x13 ./Core/Src/stm32f4xx_hal_msp.o
 .debug_rnglists
                0x00000240       0x49 ./Core/Src/stm32f4xx_it.o
 .debug_rnglists
                0x00000289       0x1a ./Core/Src/system_stm32f4xx.o
 .debug_rnglists
                0x000002a3       0x20 ./Core/Src/tim.o
 .debug_rnglists
                0x000002c3       0x19 ./Core/Startup/startup_stm32f407zgtx.o
 .debug_rnglists
                0x000002dc       0xaf ./Drivers/STM32F4xx_HAL_Driver/Src/stm32f4xx_hal.o
 .debug_rnglists
                0x0000038b       0xe0 ./Drivers/STM32F4xx_HAL_Driver/Src/stm32f4xx_hal_cortex.o
 .debug_rnglists
                0x0000046b       0x3f ./Drivers/STM32F4xx_HAL_Driver/Src/stm32f4xx_hal_gpio.o
 .debug_rnglists
                0x000004aa       0x66 ./Drivers/STM32F4xx_HAL_Driver/Src/stm32f4xx_hal_rcc.o
 .debug_rnglists
                0x00000510      0x16f ./Drivers/STM32F4xx_HAL_Driver/Src/stm32f4xx_hal_spi.o
 .debug_rnglists
                0x0000067f       0x8d ./Drivers/STM32F4xx_HAL_Driver/Src/stm32f4xx_hal_sram.o
 .debug_rnglists
                0x0000070c      0x31a ./Drivers/STM32F4xx_HAL_Driver/Src/stm32f4xx_hal_tim.o
 .debug_rnglists
                0x00000a26      0x125 ./Drivers/STM32F4xx_HAL_Driver/Src/stm32f4xx_hal_tim_ex.o
 .debug_rnglists
                0x00000b4b       0x7c ./Drivers/STM32F4xx_HAL_Driver/Src/stm32f4xx_ll_fsmc.o

.debug_macro    0x00000000    0x23411
 .debug_macro   0x00000000      0x216 ./Core/Src/button.o
 .debug_macro   0x00000216      0xab4 ./Core/Src/button.o
 .debug_macro   0x00000cca      0x2a1 ./Core/Src/button.o
 .debug_macro   0x00000f6b       0x2e ./Core/Src/button.o
 .debug_macro   0x00000f99       0x2f ./Core/Src/button.o
 .debug_macro   0x00000fc8       0x22 ./Core/Src/button.o
 .debug_macro   0x00000fea       0x8e ./Core/Src/button.o
 .debug_macro   0x00001078       0x51 ./Core/Src/button.o
 .debug_macro   0x000010c9      0x103 ./Core/Src/button.o
 .debug_macro   0x000011cc       0x6a ./Core/Src/button.o
 .debug_macro   0x00001236      0x1df ./Core/Src/button.o
 .debug_macro   0x00001415       0x1c ./Core/Src/button.o
 .debug_macro   0x00001431       0x22 ./Core/Src/button.o
 .debug_macro   0x00001453       0xfb ./Core/Src/button.o
 .debug_macro   0x0000154e     0x1011 ./Core/Src/button.o
 .debug_macro   0x0000255f      0x11f ./Core/Src/button.o
 .debug_macro   0x0000267e    0x15e97 ./Core/Src/button.o
 .debug_macro   0x00018515       0x6d ./Core/Src/button.o
 .debug_macro   0x00018582     0x369a ./Core/Src/button.o
 .debug_macro   0x0001bc1c      0x189 ./Core/Src/button.o
 .debug_macro   0x0001bda5       0x5c ./Core/Src/button.o
 .debug_macro   0x0001be01      0x980 ./Core/Src/button.o
 .debug_macro   0x0001c781      0x9e9 ./Core/Src/button.o
 .debug_macro   0x0001d16a      0x115 ./Core/Src/button.o
 .debug_macro   0x0001d27f      0x13e ./Core/Src/button.o
 .debug_macro   0x0001d3bd       0xa5 ./Core/Src/button.o
 .debug_macro   0x0001d462      0x174 ./Core/Src/button.o
 .debug_macro   0x0001d5d6      0x287 ./Core/Src/button.o
 .debug_macro   0x0001d85d       0x5f ./Core/Src/button.o
 .debug_macro   0x0001d8bc      0x236 ./Core/Src/button.o
 .debug_macro   0x0001daf2      0x12c ./Core/Src/button.o
 .debug_macro   0x0001dc1e      0x21e ./Core/Src/button.o
 .debug_macro   0x0001de3c       0x2e ./Core/Src/button.o
 .debug_macro   0x0001de6a      0x516 ./Core/Src/button.o
 .debug_macro   0x0001e380      0x127 ./Core/Src/button.o
 .debug_macro   0x0001e4a7       0x7e ./Core/Src/button.o
 .debug_macro   0x0001e525       0x89 ./Core/Src/button.o
 .debug_macro   0x0001e5ae      0x225 ./Core/Src/button.o
 .debug_macro   0x0001e7d3      0x8ed ./Core/Src/button.o
 .debug_macro   0x0001f0c0       0x4d ./Core/Src/button.o
 .debug_macro   0x0001f10d      0x12d ./Core/Src/button.o
 .debug_macro   0x0001f23a       0x58 ./Core/Src/button.o
 .debug_macro   0x0001f292      0x36a ./Core/Src/fsm_auto.o
 .debug_macro   0x0001f5fc       0x2a ./Core/Src/fsm_auto.o
 .debug_macro   0x0001f626       0x61 ./Core/Src/fsm_auto.o
 .debug_macro   0x0001f687       0x43 ./Core/Src/fsm_auto.o
 .debug_macro   0x0001f6ca       0x34 ./Core/Src/fsm_auto.o
 .debug_macro   0x0001f6fe       0x16 ./Core/Src/fsm_auto.o
 .debug_macro   0x0001f714       0x35 ./Core/Src/fsm_auto.o
 .debug_macro   0x0001f749       0x16 ./Core/Src/fsm_auto.o
 .debug_macro   0x0001f75f       0x43 ./Core/Src/fsm_auto.o
 .debug_macro   0x0001f7a2       0x34 ./Core/Src/fsm_auto.o
 .debug_macro   0x0001f7d6       0x10 ./Core/Src/fsm_auto.o
 .debug_macro   0x0001f7e6       0x58 ./Core/Src/fsm_auto.o
 .debug_macro   0x0001f83e       0x8e ./Core/Src/fsm_auto.o
 .debug_macro   0x0001f8cc       0x1c ./Core/Src/fsm_auto.o
 .debug_macro   0x0001f8e8      0x177 ./Core/Src/fsm_auto.o
 .debug_macro   0x0001fa5f      0x369 ./Core/Src/fsm_auto.o
 .debug_macro   0x0001fdc8       0x16 ./Core/Src/fsm_auto.o
 .debug_macro   0x0001fdde       0x29 ./Core/Src/fsm_auto.o
 .debug_macro   0x0001fe07       0x16 ./Core/Src/fsm_auto.o
 .debug_macro   0x0001fe1d       0x20 ./Core/Src/fsm_auto.o
 .debug_macro   0x0001fe3d       0xca ./Core/Src/fsm_auto.o
 .debug_macro   0x0001ff07       0x3a ./Core/Src/fsm_auto.o
 .debug_macro   0x0001ff41      0x366 ./Core/Src/fsm_man.o
 .debug_macro   0x000202a7      0x202 ./Core/Src/fsmc.o
 .debug_macro   0x000204a9      0x352 ./Core/Src/global.o
 .debug_macro   0x000207fb      0x202 ./Core/Src/gpio.o
 .debug_macro   0x000209fd      0x360 ./Core/Src/graphic.o
 .debug_macro   0x00020d5d      0x317 ./Core/Src/lcd.o
 .debug_macro   0x00021074      0x20c ./Core/Src/led_7seg.o
 .debug_macro   0x00021280      0x38e ./Core/Src/main.o
 .debug_macro   0x0002160e      0x216 ./Core/Src/software_timer.o
 .debug_macro   0x00021824      0x202 ./Core/Src/spi.o
 .debug_macro   0x00021a26      0x1f8 ./Core/Src/stm32f4xx_hal_msp.o
 .debug_macro   0x00021c1e      0x202 ./Core/Src/stm32f4xx_it.o
 .debug_macro   0x00021e20      0x1e9 ./Core/Src/system_stm32f4xx.o
 .debug_macro   0x00022009      0x202 ./Core/Src/tim.o
 .debug_macro   0x0002220b      0x249 ./Drivers/STM32F4xx_HAL_Driver/Src/stm32f4xx_hal.o
 .debug_macro   0x00022454      0x1e9 ./Drivers/STM32F4xx_HAL_Driver/Src/stm32f4xx_hal_cortex.o
 .debug_macro   0x0002263d      0x1ef ./Drivers/STM32F4xx_HAL_Driver/Src/stm32f4xx_hal_gpio.o
 .debug_macro   0x0002282c      0x20d ./Drivers/STM32F4xx_HAL_Driver/Src/stm32f4xx_hal_rcc.o
 .debug_macro   0x00022a39      0x1f8 ./Drivers/STM32F4xx_HAL_Driver/Src/stm32f4xx_hal_spi.o
 .debug_macro   0x00022c31      0x1e9 ./Drivers/STM32F4xx_HAL_Driver/Src/stm32f4xx_hal_sram.o
 .debug_macro   0x00022e1a      0x1ea ./Drivers/STM32F4xx_HAL_Driver/Src/stm32f4xx_hal_tim.o
 .debug_macro   0x00023004      0x1e9 ./Drivers/STM32F4xx_HAL_Driver/Src/stm32f4xx_hal_tim_ex.o
 .debug_macro   0x000231ed      0x224 ./Drivers/STM32F4xx_HAL_Driver/Src/stm32f4xx_ll_fsmc.o

.debug_line     0x00000000    0x14e58
 .debug_line    0x00000000      0x82b ./Core/Src/button.o
 .debug_line    0x0000082b      0xa5b ./Core/Src/fsm_auto.o
 .debug_line    0x00001286      0xa6f ./Core/Src/fsm_man.o
 .debug_line    0x00001cf5      0x87d ./Core/Src/fsmc.o
 .debug_line    0x00002572      0x93f ./Core/Src/global.o
 .debug_line    0x00002eb1      0x7c7 ./Core/Src/gpio.o
 .debug_line    0x00003678      0x9f2 ./Core/Src/graphic.o
 .debug_line    0x0000406a     0x1018 ./Core/Src/lcd.o
 .debug_line    0x00005082      0x8ce ./Core/Src/led_7seg.o
 .debug_line    0x00005950      0xaea ./Core/Src/main.o
 .debug_line    0x0000643a      0x849 ./Core/Src/software_timer.o
 .debug_line    0x00006c83      0x7ee ./Core/Src/spi.o
 .debug_line    0x00007471      0x77d ./Core/Src/stm32f4xx_hal_msp.o
 .debug_line    0x00007bee      0x857 ./Core/Src/stm32f4xx_it.o
 .debug_line    0x00008445      0x801 ./Core/Src/system_stm32f4xx.o
 .debug_line    0x00008c46      0x7ea ./Core/Src/tim.o
 .debug_line    0x00009430       0x7a ./Core/Startup/startup_stm32f407zgtx.o
 .debug_line    0x000094aa      0xa6a ./Drivers/STM32F4xx_HAL_Driver/Src/stm32f4xx_hal.o
 .debug_line    0x00009f14      0xd5c ./Drivers/STM32F4xx_HAL_Driver/Src/stm32f4xx_hal_cortex.o
 .debug_line    0x0000ac70      0xbf6 ./Drivers/STM32F4xx_HAL_Driver/Src/stm32f4xx_hal_gpio.o
 .debug_line    0x0000b866      0xdf5 ./Drivers/STM32F4xx_HAL_Driver/Src/stm32f4xx_hal_rcc.o
 .debug_line    0x0000c65b     0x1d88 ./Drivers/STM32F4xx_HAL_Driver/Src/stm32f4xx_hal_spi.o
 .debug_line    0x0000e3e3      0xd7f ./Drivers/STM32F4xx_HAL_Driver/Src/stm32f4xx_hal_sram.o
 .debug_line    0x0000f162     0x380e ./Drivers/STM32F4xx_HAL_Driver/Src/stm32f4xx_hal_tim.o
 .debug_line    0x00012970     0x1a60 ./Drivers/STM32F4xx_HAL_Driver/Src/stm32f4xx_hal_tim_ex.o
 .debug_line    0x000143d0      0xa88 ./Drivers/STM32F4xx_HAL_Driver/Src/stm32f4xx_ll_fsmc.o

.debug_str      0x00000000    0xcdf53
 .debug_str     0x00000000    0xc6711 ./Core/Src/button.o
                              0xc6a14 (size before relaxing)
 .debug_str     0x000c6711     0x35f3 ./Core/Src/fsm_auto.o
                              0xc9ac4 (size before relaxing)
 .debug_str     0x000c9d04       0x5d ./Core/Src/fsm_man.o
                              0xc9a78 (size before relaxing)
 .debug_str     0x000c9d61      0x3f5 ./Core/Src/fsmc.o
                              0xc6bc9 (size before relaxing)
 .debug_str     0x000ca156       0x15 ./Core/Src/global.o
                              0xc9a0c (size before relaxing)
 .debug_str     0x000ca16b       0x20 ./Core/Src/gpio.o
                              0xc6677 (size before relaxing)
 .debug_str     0x000ca18b       0x41 ./Core/Src/graphic.o
                              0xc9a5f (size before relaxing)
 .debug_str     0x000ca1cc      0x29b ./Core/Src/lcd.o
                              0xc9c2a (size before relaxing)
 .debug_str     0x000ca467       0x8b ./Core/Src/led_7seg.o
                              0xc6a4d (size before relaxing)
 .debug_str     0x000ca4f2      0x24f ./Core/Src/main.o
                              0xc9e72 (size before relaxing)
 .debug_str     0x000ca741      0x331 ./Core/Src/software_timer.o
                              0xc6b24 (size before relaxing)
 .debug_str     0x000caa72       0x4b ./Core/Src/spi.o
                              0xc6b03 (size before relaxing)
 .debug_str     0x000caabd       0x2c ./Core/Src/stm32f4xx_hal_msp.o
                              0xc65ac (size before relaxing)
 .debug_str     0x000caae9       0xec ./Core/Src/stm32f4xx_it.o
                              0xc6a90 (size before relaxing)
 .debug_str     0x000cabd5       0xdb ./Core/Src/system_stm32f4xx.o
                              0xc64fe (size before relaxing)
 .debug_str     0x000cacb0      0x653 ./Core/Src/tim.o
                              0xc7181 (size before relaxing)
 .debug_str     0x000cb303       0x44 ./Core/Startup/startup_stm32f407zgtx.o
                                 0x67 (size before relaxing)
 .debug_str     0x000cb347      0x603 ./Drivers/STM32F4xx_HAL_Driver/Src/stm32f4xx_hal.o
                              0xc7082 (size before relaxing)
 .debug_str     0x000cb94a      0x36b ./Drivers/STM32F4xx_HAL_Driver/Src/stm32f4xx_hal_cortex.o
                              0xc6dfe (size before relaxing)
 .debug_str     0x000cbcb5      0x109 ./Drivers/STM32F4xx_HAL_Driver/Src/stm32f4xx_hal_gpio.o
                              0xc6679 (size before relaxing)
 .debug_str     0x000cbdbe      0x233 ./Drivers/STM32F4xx_HAL_Driver/Src/stm32f4xx_hal_rcc.o
                              0xc6932 (size before relaxing)
 .debug_str     0x000cbff1      0x57b ./Drivers/STM32F4xx_HAL_Driver/Src/stm32f4xx_hal_spi.o
                              0xc6dbc (size before relaxing)
 .debug_str     0x000cc56c      0x1f0 ./Drivers/STM32F4xx_HAL_Driver/Src/stm32f4xx_hal_sram.o
                              0xc6afc (size before relaxing)
 .debug_str     0x000cc75c      0xda8 ./Drivers/STM32F4xx_HAL_Driver/Src/stm32f4xx_hal_tim.o
                              0xc7888 (size before relaxing)
 .debug_str     0x000cd504      0x493 ./Drivers/STM32F4xx_HAL_Driver/Src/stm32f4xx_hal_tim_ex.o
                              0xc7094 (size before relaxing)
 .debug_str     0x000cd997      0x5bc ./Drivers/STM32F4xx_HAL_Driver/Src/stm32f4xx_ll_fsmc.o
                              0xc6d69 (size before relaxing)

.comment        0x00000000       0x43
 .comment       0x00000000       0x43 ./Core/Src/button.o
                                 0x44 (size before relaxing)
 .comment       0x00000043       0x44 ./Core/Src/fsm_auto.o
 .comment       0x00000043       0x44 ./Core/Src/fsm_man.o
 .comment       0x00000043       0x44 ./Core/Src/fsmc.o
 .comment       0x00000043       0x44 ./Core/Src/global.o
 .comment       0x00000043       0x44 ./Core/Src/gpio.o
 .comment       0x00000043       0x44 ./Core/Src/graphic.o
 .comment       0x00000043       0x44 ./Core/Src/lcd.o
 .comment       0x00000043       0x44 ./Core/Src/led_7seg.o
 .comment       0x00000043       0x44 ./Core/Src/main.o
 .comment       0x00000043       0x44 ./Core/Src/software_timer.o
 .comment       0x00000043       0x44 ./Core/Src/spi.o
 .comment       0x00000043       0x44 ./Core/Src/stm32f4xx_hal_msp.o
 .comment       0x00000043       0x44 ./Core/Src/stm32f4xx_it.o
 .comment       0x00000043       0x44 ./Core/Src/system_stm32f4xx.o
 .comment       0x00000043       0x44 ./Core/Src/tim.o
 .comment       0x00000043       0x44 ./Drivers/STM32F4xx_HAL_Driver/Src/stm32f4xx_hal.o
 .comment       0x00000043       0x44 ./Drivers/STM32F4xx_HAL_Driver/Src/stm32f4xx_hal_cortex.o
 .comment       0x00000043       0x44 ./Drivers/STM32F4xx_HAL_Driver/Src/stm32f4xx_hal_gpio.o
 .comment       0x00000043       0x44 ./Drivers/STM32F4xx_HAL_Driver/Src/stm32f4xx_hal_rcc.o
 .comment       0x00000043       0x44 ./Drivers/STM32F4xx_HAL_Driver/Src/stm32f4xx_hal_spi.o
 .comment       0x00000043       0x44 ./Drivers/STM32F4xx_HAL_Driver/Src/stm32f4xx_hal_sram.o
 .comment       0x00000043       0x44 ./Drivers/STM32F4xx_HAL_Driver/Src/stm32f4xx_hal_tim.o
 .comment       0x00000043       0x44 ./Drivers/STM32F4xx_HAL_Driver/Src/stm32f4xx_hal_tim_ex.o
 .comment       0x00000043       0x44 ./Drivers/STM32F4xx_HAL_Driver/Src/stm32f4xx_ll_fsmc.o

.debug_frame    0x00000000     0x3e38
 .debug_frame   0x00000000       0x78 ./Core/Src/button.o
 .debug_frame   0x00000078       0x4c ./Core/Src/fsm_auto.o
 .debug_frame   0x000000c4       0x2c ./Core/Src/fsm_man.o
 .debug_frame   0x000000f0       0xbc ./Core/Src/fsmc.o
 .debug_frame   0x000001ac       0x34 ./Core/Src/gpio.o
 .debug_frame   0x000001e0       0xec ./Core/Src/graphic.o
 .debug_frame   0x000002cc      0x394 ./Core/Src/lcd.o
 .debug_frame   0x00000660      0x10c ./Core/Src/led_7seg.o
 .debug_frame   0x0000076c       0xf4 ./Core/Src/main.o
 .debug_frame   0x00000860       0xc8 ./Core/Src/software_timer.o
 .debug_frame   0x00000928       0x74 ./Core/Src/spi.o
 .debug_frame   0x0000099c       0x38 ./Core/Src/stm32f4xx_hal_msp.o
 .debug_frame   0x000009d4      0x120 ./Core/Src/stm32f4xx_it.o
 .debug_frame   0x00000af4       0x58 ./Core/Src/system_stm32f4xx.o
 .debug_frame   0x00000b4c       0x7c ./Core/Src/tim.o
 .debug_frame   0x00000bc8      0x374 ./Drivers/STM32F4xx_HAL_Driver/Src/stm32f4xx_hal.o
 .debug_frame   0x00000f3c      0x508 ./Drivers/STM32F4xx_HAL_Driver/Src/stm32f4xx_hal_cortex.o
 .debug_frame   0x00001444      0x14c ./Drivers/STM32F4xx_HAL_Driver/Src/stm32f4xx_hal_gpio.o
 .debug_frame   0x00001590      0x1f4 ./Drivers/STM32F4xx_HAL_Driver/Src/stm32f4xx_hal_rcc.o
 .debug_frame   0x00001784      0x828 ./Drivers/STM32F4xx_HAL_Driver/Src/stm32f4xx_hal_spi.o
 .debug_frame   0x00001fac      0x30c ./Drivers/STM32F4xx_HAL_Driver/Src/stm32f4xx_hal_sram.o
 .debug_frame   0x000022b8     0x11c0 ./Drivers/STM32F4xx_HAL_Driver/Src/stm32f4xx_hal_tim.o
 .debug_frame   0x00003478      0x638 ./Drivers/STM32F4xx_HAL_Driver/Src/stm32f4xx_hal_tim_ex.o
 .debug_frame   0x00003ab0      0x2dc ./Drivers/STM32F4xx_HAL_Driver/Src/stm32f4xx_ll_fsmc.o
 .debug_frame   0x00003d8c       0x20 C:/ST/STM32CubeIDE_1.16.1/STM32CubeIDE/plugins/com.st.stm32cube.ide.mcu.externaltools.gnu-tools-for-stm32.12.3.rel1.win32_1.0.200.202406191623/tools/bin/../lib/gcc/arm-none-eabi/12.3.1/../../../../arm-none-eabi/lib/thumb/v7e-m+fp/hard\libc_nano.a(libc_a-memset.o)
 .debug_frame   0x00003dac       0x2c C:/ST/STM32CubeIDE_1.16.1/STM32CubeIDE/plugins/com.st.stm32cube.ide.mcu.externaltools.gnu-tools-for-stm32.12.3.rel1.win32_1.0.200.202406191623/tools/bin/../lib/gcc/arm-none-eabi/12.3.1/../../../../arm-none-eabi/lib/thumb/v7e-m+fp/hard\libc_nano.a(libc_a-init.o)
 .debug_frame   0x00003dd8       0x2c C:/ST/STM32CubeIDE_1.16.1/STM32CubeIDE/plugins/com.st.stm32cube.ide.mcu.externaltools.gnu-tools-for-stm32.12.3.rel1.win32_1.0.200.202406191623/tools/bin/../lib/gcc/arm-none-eabi/12.3.1/thumb/v7e-m+fp/hard\libgcc.a(_aeabi_uldivmod.o)
 .debug_frame   0x00003e04       0x34 C:/ST/STM32CubeIDE_1.16.1/STM32CubeIDE/plugins/com.st.stm32cube.ide.mcu.externaltools.gnu-tools-for-stm32.12.3.rel1.win32_1.0.200.202406191623/tools/bin/../lib/gcc/arm-none-eabi/12.3.1/thumb/v7e-m+fp/hard\libgcc.a(_udivmoddi4.o)

.debug_line_str
                0x00000000       0x4b
 .debug_line_str
                0x00000000       0x4b ./Core/Startup/startup_stm32f407zgtx.o
